src/components/Custom/EmployeeManagement/Employee/Portal/index.ts(11,48): error TS2307: Cannot find module './Profile/EmployeeProfileView' or its corresponding type declarations.
src/components/Custom/Performance/Hooks/usePerformanceReview.ts(235,47): error TS2345: Argument of type '(prev: FormDataState) => { employeeId: number; items: Partial<ReviewItem>[]; additionalComments?: string | undefined; employeeMetrics?: { attendance: { ...; }; violations: { ...; }[]; } | undefined; ... 28 more ...; reviewPeriodEnd?: string | undefined; }' is not assignable to parameter of type 'SetStateAction<FormDataState>'.
  Type '(prev: FormDataState) => { employeeId: number; items: Partial<ReviewItem>[]; additionalComments?: string | undefined; employeeMetrics?: { attendance: { ...; }; violations: { ...; }[]; } | undefined; ... 28 more ...; reviewPeriodEnd?: string | undefined; }' is not assignable to type '(prevState: FormDataState) => FormDataState'.
    Call signature return types '{ employeeId: number; items: Partial<ReviewItem>[]; additionalComments?: string | undefined; employeeMetrics?: { attendance: { totalLateMinutes: number; totalUndertimeMinutes: number; totalLateCount: number; totalUndertimeCount: number; totalAbsenceCount: number; daysEquivalent: string; }; violations: { ...; }[]; } ...' and 'FormDataState' are incompatible.
      The types of 'employeeId' are incompatible between these types.
        Type 'number' is not assignable to type 'string'.
src/components/Custom/Performance/Hooks/usePerformanceReview.ts(274,62): error TS2367: This comparison appears to be unintentional because the types 'number' and 'string | undefined' have no overlap.
src/components/Custom/Performance/Hooks/usePerformanceReview.ts(445,9): error TS2322: Type 'number' is not assignable to type 'string'.
src/components/Custom/Timekeeping/LeaveRequestComponents/Admin/Modals/Approve.tsx(98,25): error TS7053: Element implicitly has an 'any' type because expression of type 'string' can't be used to index type 'Partial<Record<"Other" | "Vacation Leave" | "Sick Leave" | "Special Privilege Leave" | "Forced Leave" | "Maternity Leave" | "Paternity Leave" | "Solo Parent Leave" | "Study Leave" | ... 5 more ... | "Wellness Leave", "Vacation Leave" | ... 8 more ... | null>>'.
  No index signature with a parameter of type 'string' was found on type 'Partial<Record<"Other" | "Vacation Leave" | "Sick Leave" | "Special Privilege Leave" | "Forced Leave" | "Maternity Leave" | "Paternity Leave" | "Solo Parent Leave" | "Study Leave" | ... 5 more ... | "Wellness Leave", "Vacation Leave" | ... 8 more ... | null>>'.
src/components/Custom/Timekeeping/LeaveRequestComponents/Admin/Modals/Approve.tsx(124,31): error TS7053: Element implicitly has an 'any' type because expression of type 'string' can't be used to index type 'Partial<Record<"Other" | "Vacation Leave" | "Sick Leave" | "Special Privilege Leave" | "Forced Leave" | "Maternity Leave" | "Paternity Leave" | "Solo Parent Leave" | "Study Leave" | ... 5 more ... | "Wellness Leave", "Vacation Leave" | ... 8 more ... | null>>'.
  No index signature with a parameter of type 'string' was found on type 'Partial<Record<"Other" | "Vacation Leave" | "Sick Leave" | "Special Privilege Leave" | "Forced Leave" | "Maternity Leave" | "Paternity Leave" | "Solo Parent Leave" | "Study Leave" | ... 5 more ... | "Wellness Leave", "Vacation Leave" | ... 8 more ... | null>>'.
src/components/Custom/Timekeeping/LeaveRequestComponents/Employee/components/Table.tsx(98,9): error TS2322: Type 'EmployeeLeaveRequest | null' is not assignable to type 'LeaveRequest | null'.
  Property 'daysRequested' is missing in type 'EmployeeLeaveRequest' but required in type 'LeaveRequest'.
src/features/Attendance/components/Admin/AttendanceTable.tsx(2,38): error TS2440: Import declaration conflicts with local declaration of 'formatTime'.
src/features/EmployeeManagement/Admin/Modals/EditEmployeeModal.tsx(122,9): error TS2322: Type 'string' is not assignable to type '"Administrator" | "Human Resource" | "Employee" | undefined'.
src/features/Recruitment/Kanban/Hooks/useKanbanData.ts(52,43): error TS2339: Property 'updatedAt' does not exist on type 'Applicant'.
src/pages/PerformanceManagement/ReviewForm.tsx(108,66): error TS2322: Type 'number' is not assignable to type 'string'.
src/pages/TimekeepingAdmin/adminCalendar.tsx(411,11): error TS2322: Type 'Schedule' is not assignable to type 'ScheduleData'.
  Types of property 'employeeId' are incompatible.
    Type 'string | number | undefined' is not assignable to type 'string | undefined'.
      Type 'number' is not assignable to type 'string'.
src/pages/TimekeepingAdmin/adminCalendar.tsx(438,88): error TS2339: Property 'title' does not exist on type 'CalendarItem'.
  Property 'title' does not exist on type 'Schedule'.
