node_modules/@tanstack/query-core/build/legacy/focusManager.d.ts(6,5): error TS18028: Private identifiers are only available when targeting ECMAScript 2015 and higher.
node_modules/@tanstack/query-core/build/legacy/hydration-C-jfQLut.d.ts(9,5): error TS18028: Private identifiers are only available when targeting ECMAScript 2015 and higher.
node_modules/@tanstack/query-core/build/legacy/hydration-C-jfQLut.d.ts(115,5): error TS18028: Private identifiers are only available when targeting ECMAScript 2015 and higher.
node_modules/@tanstack/query-core/build/legacy/hydration-C-jfQLut.d.ts(156,5): error TS18028: Private identifiers are only available when targeting ECMAScript 2015 and higher.
node_modules/@tanstack/query-core/build/legacy/hydration-C-jfQLut.d.ts(205,5): error TS18028: Private identifiers are only available when targeting ECMAScript 2015 and higher.
node_modules/@tanstack/query-core/build/legacy/hydration-C-jfQLut.d.ts(266,5): error TS18028: Private identifiers are only available when targeting ECMAScript 2015 and higher.
node_modules/@tanstack/query-core/build/legacy/hydration-C-jfQLut.d.ts(427,5): error TS18028: Private identifiers are only available when targeting ECMAScript 2015 and higher.
node_modules/@tanstack/query-core/build/legacy/hydration-C-jfQLut.d.ts(444,5): error TS18028: Private identifiers are only available when targeting ECMAScript 2015 and higher.
node_modules/@tanstack/query-core/build/legacy/onlineManager.d.ts(6,5): error TS18028: Private identifiers are only available when targeting ECMAScript 2015 and higher.
node_modules/@tanstack/query-core/build/legacy/queriesObserver.d.ts(11,5): error TS18028: Private identifiers are only available when targeting ECMAScript 2015 and higher.
node_modules/@tanstack/query-core/build/legacy/removable.d.ts(2,5): error TS18028: Private identifiers are only available when targeting ECMAScript 2015 and higher.
node_modules/@tanstack/query-core/build/legacy/timeoutManager.d.ts(41,5): error TS18028: Private identifiers are only available when targeting ECMAScript 2015 and higher.
node_modules/react-hook-form/dist/form.d.ts(1,8): error TS1259: Module '"C:/Users/Joshua/project/nebr/frontend/node_modules/@types/react/index"' can only be default-imported using the 'esModuleInterop' flag
node_modules/react-hook-form/dist/types/controller.d.ts(1,13): error TS1259: Module '"C:/Users/Joshua/project/nebr/frontend/node_modules/@types/react/index"' can only be default-imported using the 'esModuleInterop' flag
node_modules/react-hook-form/dist/types/form.d.ts(1,13): error TS1259: Module '"C:/Users/Joshua/project/nebr/frontend/node_modules/@types/react/index"' can only be default-imported using the 'esModuleInterop' flag
node_modules/react-hook-form/dist/useFormContext.d.ts(1,8): error TS1259: Module '"C:/Users/Joshua/project/nebr/frontend/node_modules/@types/react/index"' can only be default-imported using the 'esModuleInterop' flag
node_modules/zod/v3/errors.d.cts(2,8): error TS1259: Module '"C:/Users/Joshua/project/nebr/frontend/node_modules/zod/v3/locales/en"' can only be default-imported using the 'esModuleInterop' flag
node_modules/zod/v4/locales/index.d.cts(1,21): error TS1259: Module '"C:/Users/Joshua/project/nebr/frontend/node_modules/zod/v4/locales/ar"' can only be default-imported using the 'esModuleInterop' flag
node_modules/zod/v4/locales/index.d.cts(2,21): error TS1259: Module '"C:/Users/Joshua/project/nebr/frontend/node_modules/zod/v4/locales/az"' can only be default-imported using the 'esModuleInterop' flag
node_modules/zod/v4/locales/index.d.cts(3,21): error TS1259: Module '"C:/Users/Joshua/project/nebr/frontend/node_modules/zod/v4/locales/be"' can only be default-imported using the 'esModuleInterop' flag
node_modules/zod/v4/locales/index.d.cts(4,21): error TS1259: Module '"C:/Users/Joshua/project/nebr/frontend/node_modules/zod/v4/locales/bg"' can only be default-imported using the 'esModuleInterop' flag
node_modules/zod/v4/locales/index.d.cts(5,21): error TS1259: Module '"C:/Users/Joshua/project/nebr/frontend/node_modules/zod/v4/locales/ca"' can only be default-imported using the 'esModuleInterop' flag
node_modules/zod/v4/locales/index.d.cts(6,21): error TS1259: Module '"C:/Users/Joshua/project/nebr/frontend/node_modules/zod/v4/locales/cs"' can only be default-imported using the 'esModuleInterop' flag
node_modules/zod/v4/locales/index.d.cts(7,21): error TS1259: Module '"C:/Users/Joshua/project/nebr/frontend/node_modules/zod/v4/locales/da"' can only be default-imported using the 'esModuleInterop' flag
node_modules/zod/v4/locales/index.d.cts(8,21): error TS1259: Module '"C:/Users/Joshua/project/nebr/frontend/node_modules/zod/v4/locales/de"' can only be default-imported using the 'esModuleInterop' flag
node_modules/zod/v4/locales/index.d.cts(9,21): error TS1259: Module '"C:/Users/Joshua/project/nebr/frontend/node_modules/zod/v4/locales/en"' can only be default-imported using the 'esModuleInterop' flag
node_modules/zod/v4/locales/index.d.cts(10,21): error TS1259: Module '"C:/Users/Joshua/project/nebr/frontend/node_modules/zod/v4/locales/eo"' can only be default-imported using the 'esModuleInterop' flag
node_modules/zod/v4/locales/index.d.cts(11,21): error TS1259: Module '"C:/Users/Joshua/project/nebr/frontend/node_modules/zod/v4/locales/es"' can only be default-imported using the 'esModuleInterop' flag
node_modules/zod/v4/locales/index.d.cts(12,21): error TS1259: Module '"C:/Users/Joshua/project/nebr/frontend/node_modules/zod/v4/locales/fa"' can only be default-imported using the 'esModuleInterop' flag
node_modules/zod/v4/locales/index.d.cts(13,21): error TS1259: Module '"C:/Users/Joshua/project/nebr/frontend/node_modules/zod/v4/locales/fi"' can only be default-imported using the 'esModuleInterop' flag
node_modules/zod/v4/locales/index.d.cts(14,21): error TS1259: Module '"C:/Users/Joshua/project/nebr/frontend/node_modules/zod/v4/locales/fr"' can only be default-imported using the 'esModuleInterop' flag
node_modules/zod/v4/locales/index.d.cts(15,21): error TS1259: Module '"C:/Users/Joshua/project/nebr/frontend/node_modules/zod/v4/locales/fr-CA"' can only be default-imported using the 'esModuleInterop' flag
node_modules/zod/v4/locales/index.d.cts(16,21): error TS1259: Module '"C:/Users/Joshua/project/nebr/frontend/node_modules/zod/v4/locales/he"' can only be default-imported using the 'esModuleInterop' flag
node_modules/zod/v4/locales/index.d.cts(17,21): error TS1259: Module '"C:/Users/Joshua/project/nebr/frontend/node_modules/zod/v4/locales/hu"' can only be default-imported using the 'esModuleInterop' flag
node_modules/zod/v4/locales/index.d.cts(18,21): error TS1259: Module '"C:/Users/Joshua/project/nebr/frontend/node_modules/zod/v4/locales/hy"' can only be default-imported using the 'esModuleInterop' flag
node_modules/zod/v4/locales/index.d.cts(19,21): error TS1259: Module '"C:/Users/Joshua/project/nebr/frontend/node_modules/zod/v4/locales/id"' can only be default-imported using the 'esModuleInterop' flag
node_modules/zod/v4/locales/index.d.cts(20,21): error TS1259: Module '"C:/Users/Joshua/project/nebr/frontend/node_modules/zod/v4/locales/is"' can only be default-imported using the 'esModuleInterop' flag
node_modules/zod/v4/locales/index.d.cts(21,21): error TS1259: Module '"C:/Users/Joshua/project/nebr/frontend/node_modules/zod/v4/locales/it"' can only be default-imported using the 'esModuleInterop' flag
node_modules/zod/v4/locales/index.d.cts(22,21): error TS1259: Module '"C:/Users/Joshua/project/nebr/frontend/node_modules/zod/v4/locales/ja"' can only be default-imported using the 'esModuleInterop' flag
node_modules/zod/v4/locales/index.d.cts(23,21): error TS1259: Module '"C:/Users/Joshua/project/nebr/frontend/node_modules/zod/v4/locales/ka"' can only be default-imported using the 'esModuleInterop' flag
node_modules/zod/v4/locales/index.d.cts(24,21): error TS1259: Module '"C:/Users/Joshua/project/nebr/frontend/node_modules/zod/v4/locales/kh"' can only be default-imported using the 'esModuleInterop' flag
node_modules/zod/v4/locales/index.d.cts(25,21): error TS1259: Module '"C:/Users/Joshua/project/nebr/frontend/node_modules/zod/v4/locales/km"' can only be default-imported using the 'esModuleInterop' flag
node_modules/zod/v4/locales/index.d.cts(26,21): error TS1259: Module '"C:/Users/Joshua/project/nebr/frontend/node_modules/zod/v4/locales/ko"' can only be default-imported using the 'esModuleInterop' flag
node_modules/zod/v4/locales/index.d.cts(27,21): error TS1259: Module '"C:/Users/Joshua/project/nebr/frontend/node_modules/zod/v4/locales/lt"' can only be default-imported using the 'esModuleInterop' flag
node_modules/zod/v4/locales/index.d.cts(28,21): error TS1259: Module '"C:/Users/Joshua/project/nebr/frontend/node_modules/zod/v4/locales/mk"' can only be default-imported using the 'esModuleInterop' flag
node_modules/zod/v4/locales/index.d.cts(29,21): error TS1259: Module '"C:/Users/Joshua/project/nebr/frontend/node_modules/zod/v4/locales/ms"' can only be default-imported using the 'esModuleInterop' flag
node_modules/zod/v4/locales/index.d.cts(30,21): error TS1259: Module '"C:/Users/Joshua/project/nebr/frontend/node_modules/zod/v4/locales/nl"' can only be default-imported using the 'esModuleInterop' flag
node_modules/zod/v4/locales/index.d.cts(31,21): error TS1259: Module '"C:/Users/Joshua/project/nebr/frontend/node_modules/zod/v4/locales/no"' can only be default-imported using the 'esModuleInterop' flag
node_modules/zod/v4/locales/index.d.cts(32,21): error TS1259: Module '"C:/Users/Joshua/project/nebr/frontend/node_modules/zod/v4/locales/ota"' can only be default-imported using the 'esModuleInterop' flag
node_modules/zod/v4/locales/index.d.cts(33,21): error TS1259: Module '"C:/Users/Joshua/project/nebr/frontend/node_modules/zod/v4/locales/ps"' can only be default-imported using the 'esModuleInterop' flag
node_modules/zod/v4/locales/index.d.cts(34,21): error TS1259: Module '"C:/Users/Joshua/project/nebr/frontend/node_modules/zod/v4/locales/pl"' can only be default-imported using the 'esModuleInterop' flag
node_modules/zod/v4/locales/index.d.cts(35,21): error TS1259: Module '"C:/Users/Joshua/project/nebr/frontend/node_modules/zod/v4/locales/pt"' can only be default-imported using the 'esModuleInterop' flag
node_modules/zod/v4/locales/index.d.cts(36,21): error TS1259: Module '"C:/Users/Joshua/project/nebr/frontend/node_modules/zod/v4/locales/ru"' can only be default-imported using the 'esModuleInterop' flag
node_modules/zod/v4/locales/index.d.cts(37,21): error TS1259: Module '"C:/Users/Joshua/project/nebr/frontend/node_modules/zod/v4/locales/sl"' can only be default-imported using the 'esModuleInterop' flag
node_modules/zod/v4/locales/index.d.cts(38,21): error TS1259: Module '"C:/Users/Joshua/project/nebr/frontend/node_modules/zod/v4/locales/sv"' can only be default-imported using the 'esModuleInterop' flag
node_modules/zod/v4/locales/index.d.cts(39,21): error TS1259: Module '"C:/Users/Joshua/project/nebr/frontend/node_modules/zod/v4/locales/ta"' can only be default-imported using the 'esModuleInterop' flag
node_modules/zod/v4/locales/index.d.cts(40,21): error TS1259: Module '"C:/Users/Joshua/project/nebr/frontend/node_modules/zod/v4/locales/th"' can only be default-imported using the 'esModuleInterop' flag
node_modules/zod/v4/locales/index.d.cts(41,21): error TS1259: Module '"C:/Users/Joshua/project/nebr/frontend/node_modules/zod/v4/locales/tr"' can only be default-imported using the 'esModuleInterop' flag
node_modules/zod/v4/locales/index.d.cts(42,21): error TS1259: Module '"C:/Users/Joshua/project/nebr/frontend/node_modules/zod/v4/locales/ua"' can only be default-imported using the 'esModuleInterop' flag
node_modules/zod/v4/locales/index.d.cts(43,21): error TS1259: Module '"C:/Users/Joshua/project/nebr/frontend/node_modules/zod/v4/locales/uk"' can only be default-imported using the 'esModuleInterop' flag
node_modules/zod/v4/locales/index.d.cts(44,21): error TS1259: Module '"C:/Users/Joshua/project/nebr/frontend/node_modules/zod/v4/locales/ur"' can only be default-imported using the 'esModuleInterop' flag
node_modules/zod/v4/locales/index.d.cts(45,21): error TS1259: Module '"C:/Users/Joshua/project/nebr/frontend/node_modules/zod/v4/locales/uz"' can only be default-imported using the 'esModuleInterop' flag
node_modules/zod/v4/locales/index.d.cts(46,21): error TS1259: Module '"C:/Users/Joshua/project/nebr/frontend/node_modules/zod/v4/locales/vi"' can only be default-imported using the 'esModuleInterop' flag
node_modules/zod/v4/locales/index.d.cts(47,21): error TS1259: Module '"C:/Users/Joshua/project/nebr/frontend/node_modules/zod/v4/locales/zh-CN"' can only be default-imported using the 'esModuleInterop' flag
node_modules/zod/v4/locales/index.d.cts(48,21): error TS1259: Module '"C:/Users/Joshua/project/nebr/frontend/node_modules/zod/v4/locales/zh-TW"' can only be default-imported using the 'esModuleInterop' flag
node_modules/zod/v4/locales/index.d.cts(49,21): error TS1259: Module '"C:/Users/Joshua/project/nebr/frontend/node_modules/zod/v4/locales/yo"' can only be default-imported using the 'esModuleInterop' flag
src/components/Custom/EmployeeManagement/Admin/Departments/components/AddEmployeeToDepartment.tsx(1,8): error TS1259: Module '"C:/Users/Joshua/project/nebr/frontend/node_modules/@types/react/index"' can only be default-imported using the 'esModuleInterop' flag
src/components/Custom/EmployeeManagement/Admin/Departments/components/AddEmployeeToDepartment.tsx(6,31): error TS2307: Cannot find module '@/stores' or its corresponding type declarations.
src/components/Custom/EmployeeManagement/Admin/Departments/components/AddEmployeeToDepartment.tsx(77,5): error TS17004: Cannot use JSX unless the '--jsx' flag is provided.
src/components/Custom/EmployeeManagement/Admin/Departments/components/AddEmployeeToDepartment.tsx(78,7): error TS17004: Cannot use JSX unless the '--jsx' flag is provided.
src/components/Custom/EmployeeManagement/Admin/Departments/components/AddEmployeeToDepartment.tsx(80,9): error TS17004: Cannot use JSX unless the '--jsx' flag is provided.
src/components/Custom/EmployeeManagement/Admin/Departments/components/AddEmployeeToDepartment.tsx(81,11): error TS17004: Cannot use JSX unless the '--jsx' flag is provided.
src/components/Custom/EmployeeManagement/Admin/Departments/components/AddEmployeeToDepartment.tsx(82,11): error TS17004: Cannot use JSX unless the '--jsx' flag is provided.
src/components/Custom/EmployeeManagement/Admin/Departments/components/AddEmployeeToDepartment.tsx(83,13): error TS17004: Cannot use JSX unless the '--jsx' flag is provided.
src/components/Custom/EmployeeManagement/Admin/Departments/components/AddEmployeeToDepartment.tsx(88,9): error TS17004: Cannot use JSX unless the '--jsx' flag is provided.
src/components/Custom/EmployeeManagement/Admin/Departments/components/AddEmployeeToDepartment.tsx(89,11): error TS17004: Cannot use JSX unless the '--jsx' flag is provided.
src/components/Custom/EmployeeManagement/Admin/Departments/components/AddEmployeeToDepartment.tsx(90,13): error TS17004: Cannot use JSX unless the '--jsx' flag is provided.
src/components/Custom/EmployeeManagement/Admin/Departments/components/AddEmployeeToDepartment.tsx(91,13): error TS17004: Cannot use JSX unless the '--jsx' flag is provided.
src/components/Custom/EmployeeManagement/Admin/Departments/components/AddEmployeeToDepartment.tsx(102,9): error TS17004: Cannot use JSX unless the '--jsx' flag is provided.
src/components/Custom/EmployeeManagement/Admin/Departments/components/AddEmployeeToDepartment.tsx(104,13): error TS17004: Cannot use JSX unless the '--jsx' flag is provided.
src/components/Custom/EmployeeManagement/Admin/Departments/components/AddEmployeeToDepartment.tsx(105,17): error TS17004: Cannot use JSX unless the '--jsx' flag is provided.
src/components/Custom/EmployeeManagement/Admin/Departments/components/AddEmployeeToDepartment.tsx(108,13): error TS17004: Cannot use JSX unless the '--jsx' flag is provided.
src/components/Custom/EmployeeManagement/Admin/Departments/components/AddEmployeeToDepartment.tsx(112,13): error TS17004: Cannot use JSX unless the '--jsx' flag is provided.
src/components/Custom/EmployeeManagement/Admin/Departments/components/AddEmployeeToDepartment.tsx(114,17): error TS17004: Cannot use JSX unless the '--jsx' flag is provided.
src/components/Custom/EmployeeManagement/Admin/Departments/components/AddEmployeeToDepartment.tsx(118,19): error TS17004: Cannot use JSX unless the '--jsx' flag is provided.
src/components/Custom/EmployeeManagement/Admin/Departments/components/AddEmployeeToDepartment.tsx(119,21): error TS17004: Cannot use JSX unless the '--jsx' flag is provided.
src/components/Custom/EmployeeManagement/Admin/Departments/components/AddEmployeeToDepartment.tsx(121,25): error TS17004: Cannot use JSX unless the '--jsx' flag is provided.
src/components/Custom/EmployeeManagement/Admin/Departments/components/AddEmployeeToDepartment.tsx(126,21): error TS17004: Cannot use JSX unless the '--jsx' flag is provided.
src/components/Custom/EmployeeManagement/Admin/Departments/components/AddEmployeeToDepartment.tsx(127,23): error TS17004: Cannot use JSX unless the '--jsx' flag is provided.
src/components/Custom/EmployeeManagement/Admin/Departments/components/AddEmployeeToDepartment.tsx(128,23): error TS17004: Cannot use JSX unless the '--jsx' flag is provided.
src/components/Custom/EmployeeManagement/Admin/Departments/components/AddEmployeeToDepartment.tsx(131,19): error TS17004: Cannot use JSX unless the '--jsx' flag is provided.
src/components/Custom/EmployeeManagement/Admin/Departments/components/AddEmployeeToDepartment.tsx(136,90): error TS17004: Cannot use JSX unless the '--jsx' flag is provided.
src/components/Custom/EmployeeManagement/Admin/Departments/components/AddEmployeeToDepartment.tsx(136,138): error TS17004: Cannot use JSX unless the '--jsx' flag is provided.
src/components/Custom/EmployeeManagement/Admin/Departments/components/AddEmployeeToDepartment.tsx(146,9): error TS17004: Cannot use JSX unless the '--jsx' flag is provided.
src/components/Custom/EmployeeManagement/Admin/Departments/components/AddEmployeeToDepartment.tsx(147,11): error TS17004: Cannot use JSX unless the '--jsx' flag is provided.
src/components/Custom/EmployeeManagement/Admin/Modals/AddEmployeeModal.tsx(1,8): error TS1259: Module '"C:/Users/Joshua/project/nebr/frontend/node_modules/@types/react/index"' can only be default-imported using the 'esModuleInterop' flag
src/components/Custom/EmployeeManagement/Admin/Modals/AddEmployeeModal.tsx(10,31): error TS2307: Cannot find module '@/stores' or its corresponding type declarations.
src/components/Custom/EmployeeManagement/Admin/Modals/AddEmployeeModal.tsx(11,48): error TS2307: Cannot find module '@/schemas/employee' or its corresponding type declarations.
src/components/Custom/EmployeeManagement/Admin/Modals/AddEmployeeModal.tsx(135,5): error TS17004: Cannot use JSX unless the '--jsx' flag is provided.
src/components/Custom/EmployeeManagement/Admin/Modals/AddEmployeeModal.tsx(136,7): error TS17004: Cannot use JSX unless the '--jsx' flag is provided.
src/components/Custom/EmployeeManagement/Admin/Modals/AddEmployeeModal.tsx(137,9): error TS17004: Cannot use JSX unless the '--jsx' flag is provided.
src/components/Custom/EmployeeManagement/Admin/Modals/AddEmployeeModal.tsx(138,11): error TS17004: Cannot use JSX unless the '--jsx' flag is provided.
src/components/Custom/EmployeeManagement/Admin/Modals/AddEmployeeModal.tsx(139,11): error TS17004: Cannot use JSX unless the '--jsx' flag is provided.
src/components/Custom/EmployeeManagement/Admin/Modals/AddEmployeeModal.tsx(140,13): error TS17004: Cannot use JSX unless the '--jsx' flag is provided.
src/components/Custom/EmployeeManagement/Admin/Modals/AddEmployeeModal.tsx(144,9): error TS17004: Cannot use JSX unless the '--jsx' flag is provided.
src/components/Custom/EmployeeManagement/Admin/Modals/AddEmployeeModal.tsx(146,13): error TS17004: Cannot use JSX unless the '--jsx' flag is provided.
src/components/Custom/EmployeeManagement/Admin/Modals/AddEmployeeModal.tsx(160,9): error TS17004: Cannot use JSX unless the '--jsx' flag is provided.
src/components/Custom/EmployeeManagement/Admin/Modals/AddEmployeeModal.tsx(164,13): error TS17004: Cannot use JSX unless the '--jsx' flag is provided.
src/components/Custom/EmployeeManagement/Admin/Modals/AddEmployeeModal.tsx(165,15): error TS17004: Cannot use JSX unless the '--jsx' flag is provided.
src/components/Custom/EmployeeManagement/Admin/Modals/AddEmployeeModal.tsx(166,17): error TS17004: Cannot use JSX unless the '--jsx' flag is provided.
src/components/Custom/EmployeeManagement/Admin/Modals/AddEmployeeModal.tsx(167,19): error TS17004: Cannot use JSX unless the '--jsx' flag is provided.
src/components/Custom/EmployeeManagement/Admin/Modals/AddEmployeeModal.tsx(168,21): error TS17004: Cannot use JSX unless the '--jsx' flag is provided.
src/components/Custom/EmployeeManagement/Admin/Modals/AddEmployeeModal.tsx(170,19): error TS17004: Cannot use JSX unless the '--jsx' flag is provided.
src/components/Custom/EmployeeManagement/Admin/Modals/AddEmployeeModal.tsx(175,41): error TS17004: Cannot use JSX unless the '--jsx' flag is provided.
src/components/Custom/EmployeeManagement/Admin/Modals/AddEmployeeModal.tsx(177,17): error TS17004: Cannot use JSX unless the '--jsx' flag is provided.
src/components/Custom/EmployeeManagement/Admin/Modals/AddEmployeeModal.tsx(178,19): error TS17004: Cannot use JSX unless the '--jsx' flag is provided.
src/components/Custom/EmployeeManagement/Admin/Modals/AddEmployeeModal.tsx(179,21): error TS17004: Cannot use JSX unless the '--jsx' flag is provided.
src/components/Custom/EmployeeManagement/Admin/Modals/AddEmployeeModal.tsx(181,19): error TS17004: Cannot use JSX unless the '--jsx' flag is provided.
src/components/Custom/EmployeeManagement/Admin/Modals/AddEmployeeModal.tsx(186,41): error TS17004: Cannot use JSX unless the '--jsx' flag is provided.
src/components/Custom/EmployeeManagement/Admin/Modals/AddEmployeeModal.tsx(190,15): error TS17004: Cannot use JSX unless the '--jsx' flag is provided.
src/components/Custom/EmployeeManagement/Admin/Modals/AddEmployeeModal.tsx(191,17): error TS17004: Cannot use JSX unless the '--jsx' flag is provided.
src/components/Custom/EmployeeManagement/Admin/Modals/AddEmployeeModal.tsx(192,19): error TS17004: Cannot use JSX unless the '--jsx' flag is provided.
src/components/Custom/EmployeeManagement/Admin/Modals/AddEmployeeModal.tsx(194,17): error TS17004: Cannot use JSX unless the '--jsx' flag is provided.
src/components/Custom/EmployeeManagement/Admin/Modals/AddEmployeeModal.tsx(200,35): error TS17004: Cannot use JSX unless the '--jsx' flag is provided.
src/components/Custom/EmployeeManagement/Admin/Modals/AddEmployeeModal.tsx(203,15): error TS17004: Cannot use JSX unless the '--jsx' flag is provided.
src/components/Custom/EmployeeManagement/Admin/Modals/AddEmployeeModal.tsx(204,17): error TS17004: Cannot use JSX unless the '--jsx' flag is provided.
src/components/Custom/EmployeeManagement/Admin/Modals/AddEmployeeModal.tsx(205,19): error TS17004: Cannot use JSX unless the '--jsx' flag is provided.
src/components/Custom/EmployeeManagement/Admin/Modals/AddEmployeeModal.tsx(206,21): error TS17004: Cannot use JSX unless the '--jsx' flag is provided.
src/components/Custom/EmployeeManagement/Admin/Modals/AddEmployeeModal.tsx(208,19): error TS17004: Cannot use JSX unless the '--jsx' flag is provided.
src/components/Custom/EmployeeManagement/Admin/Modals/AddEmployeeModal.tsx(212,21): error TS17004: Cannot use JSX unless the '--jsx' flag is provided.
src/components/Custom/EmployeeManagement/Admin/Modals/AddEmployeeModal.tsx(213,44): error TS17004: Cannot use JSX unless the '--jsx' flag is provided.
src/components/Custom/EmployeeManagement/Admin/Modals/AddEmployeeModal.tsx(215,42): error TS17004: Cannot use JSX unless the '--jsx' flag is provided.
src/components/Custom/EmployeeManagement/Admin/Modals/AddEmployeeModal.tsx(217,17): error TS17004: Cannot use JSX unless the '--jsx' flag is provided.
src/components/Custom/EmployeeManagement/Admin/Modals/AddEmployeeModal.tsx(218,19): error TS17004: Cannot use JSX unless the '--jsx' flag is provided.
src/components/Custom/EmployeeManagement/Admin/Modals/AddEmployeeModal.tsx(219,21): error TS17004: Cannot use JSX unless the '--jsx' flag is provided.
src/components/Custom/EmployeeManagement/Admin/Modals/AddEmployeeModal.tsx(221,19): error TS17004: Cannot use JSX unless the '--jsx' flag is provided.
src/components/Custom/EmployeeManagement/Admin/Modals/AddEmployeeModal.tsx(226,23): error TS17004: Cannot use JSX unless the '--jsx' flag is provided.
src/components/Custom/EmployeeManagement/Admin/Modals/AddEmployeeModal.tsx(229,36): error TS17004: Cannot use JSX unless the '--jsx' flag is provided.
src/components/Custom/EmployeeManagement/Admin/Modals/AddEmployeeModal.tsx(237,13): error TS17004: Cannot use JSX unless the '--jsx' flag is provided.
src/components/Custom/EmployeeManagement/Admin/Modals/AddEmployeeModal.tsx(238,15): error TS17004: Cannot use JSX unless the '--jsx' flag is provided.
src/components/Custom/EmployeeManagement/Admin/Modals/AddEmployeeModal.tsx(239,17): error TS17004: Cannot use JSX unless the '--jsx' flag is provided.
src/components/Custom/EmployeeManagement/Admin/Modals/AddEmployeeModal.tsx(240,19): error TS17004: Cannot use JSX unless the '--jsx' flag is provided.
src/components/Custom/EmployeeManagement/Admin/Modals/AddEmployeeModal.tsx(241,21): error TS17004: Cannot use JSX unless the '--jsx' flag is provided.
src/components/Custom/EmployeeManagement/Admin/Modals/AddEmployeeModal.tsx(243,19): error TS17004: Cannot use JSX unless the '--jsx' flag is provided.
src/components/Custom/EmployeeManagement/Admin/Modals/AddEmployeeModal.tsx(249,17): error TS17004: Cannot use JSX unless the '--jsx' flag is provided.
src/components/Custom/EmployeeManagement/Admin/Modals/AddEmployeeModal.tsx(250,19): error TS17004: Cannot use JSX unless the '--jsx' flag is provided.
src/components/Custom/EmployeeManagement/Admin/Modals/AddEmployeeModal.tsx(251,19): error TS17004: Cannot use JSX unless the '--jsx' flag is provided.
src/components/Custom/EmployeeManagement/Admin/Modals/AddEmployeeModal.tsx(255,21): error TS17004: Cannot use JSX unless the '--jsx' flag is provided.
src/components/Custom/EmployeeManagement/Admin/Modals/AddEmployeeModal.tsx(257,23): error TS17004: Cannot use JSX unless the '--jsx' flag is provided.
src/components/Custom/EmployeeManagement/Admin/Modals/AddEmployeeModal.tsx(263,15): error TS17004: Cannot use JSX unless the '--jsx' flag is provided.
src/components/Custom/EmployeeManagement/Admin/Modals/AddEmployeeModal.tsx(264,17): error TS17004: Cannot use JSX unless the '--jsx' flag is provided.
src/components/Custom/EmployeeManagement/Admin/Modals/AddEmployeeModal.tsx(265,19): error TS17004: Cannot use JSX unless the '--jsx' flag is provided.
src/components/Custom/EmployeeManagement/Admin/Modals/AddEmployeeModal.tsx(266,19): error TS17004: Cannot use JSX unless the '--jsx' flag is provided.
src/components/Custom/EmployeeManagement/Admin/Modals/AddEmployeeModal.tsx(270,21): error TS17004: Cannot use JSX unless the '--jsx' flag is provided.
src/components/Custom/EmployeeManagement/Admin/Modals/AddEmployeeModal.tsx(272,23): error TS17004: Cannot use JSX unless the '--jsx' flag is provided.
src/components/Custom/EmployeeManagement/Admin/Modals/AddEmployeeModal.tsx(276,17): error TS17004: Cannot use JSX unless the '--jsx' flag is provided.
src/components/Custom/EmployeeManagement/Admin/Modals/AddEmployeeModal.tsx(277,19): error TS17004: Cannot use JSX unless the '--jsx' flag is provided.
src/components/Custom/EmployeeManagement/Admin/Modals/AddEmployeeModal.tsx(278,19): error TS17004: Cannot use JSX unless the '--jsx' flag is provided.
src/components/Custom/EmployeeManagement/Admin/Modals/AddEmployeeModal.tsx(287,15): error TS17004: Cannot use JSX unless the '--jsx' flag is provided.
src/components/Custom/EmployeeManagement/Admin/Modals/AddEmployeeModal.tsx(288,17): error TS17004: Cannot use JSX unless the '--jsx' flag is provided.
src/components/Custom/EmployeeManagement/Admin/Modals/AddEmployeeModal.tsx(289,19): error TS17004: Cannot use JSX unless the '--jsx' flag is provided.
src/components/Custom/EmployeeManagement/Admin/Modals/AddEmployeeModal.tsx(291,17): error TS17004: Cannot use JSX unless the '--jsx' flag is provided.
src/components/Custom/EmployeeManagement/Admin/Modals/AddEmployeeModal.tsx(299,15): error TS17004: Cannot use JSX unless the '--jsx' flag is provided.
src/components/Custom/EmployeeManagement/Admin/Modals/AddEmployeeModal.tsx(300,17): error TS17004: Cannot use JSX unless the '--jsx' flag is provided.
src/components/Custom/EmployeeManagement/Admin/Modals/AddEmployeeModal.tsx(301,19): error TS17004: Cannot use JSX unless the '--jsx' flag is provided.
src/components/Custom/EmployeeManagement/Admin/Modals/AddEmployeeModal.tsx(303,17): error TS17004: Cannot use JSX unless the '--jsx' flag is provided.
src/components/Custom/EmployeeManagement/Admin/Modals/AddEmployeeModal.tsx(315,13): error TS17004: Cannot use JSX unless the '--jsx' flag is provided.
src/components/Custom/EmployeeManagement/Admin/Modals/AddEmployeeModal.tsx(316,15): error TS17004: Cannot use JSX unless the '--jsx' flag is provided.
src/components/Custom/EmployeeManagement/Admin/Modals/AddEmployeeModal.tsx(317,17): error TS17004: Cannot use JSX unless the '--jsx' flag is provided.
src/components/Custom/EmployeeManagement/Admin/Modals/AddEmployeeModal.tsx(318,19): error TS17004: Cannot use JSX unless the '--jsx' flag is provided.
src/components/Custom/EmployeeManagement/Admin/Modals/AddEmployeeModal.tsx(319,21): error TS17004: Cannot use JSX unless the '--jsx' flag is provided.
src/components/Custom/EmployeeManagement/Admin/Modals/AddEmployeeModal.tsx(321,19): error TS17004: Cannot use JSX unless the '--jsx' flag is provided.
src/components/Custom/EmployeeManagement/Admin/Modals/AddEmployeeModal.tsx(328,17): error TS17004: Cannot use JSX unless the '--jsx' flag is provided.
src/components/Custom/EmployeeManagement/Admin/Modals/AddEmployeeModal.tsx(329,19): error TS17004: Cannot use JSX unless the '--jsx' flag is provided.
src/components/Custom/EmployeeManagement/Admin/Modals/AddEmployeeModal.tsx(330,21): error TS17004: Cannot use JSX unless the '--jsx' flag is provided.
src/components/Custom/EmployeeManagement/Admin/Modals/AddEmployeeModal.tsx(332,19): error TS17004: Cannot use JSX unless the '--jsx' flag is provided.
src/components/Custom/EmployeeManagement/Admin/Modals/AddEmployeeModal.tsx(341,15): error TS17004: Cannot use JSX unless the '--jsx' flag is provided.
src/components/Custom/EmployeeManagement/Admin/Modals/AddEmployeeModal.tsx(342,17): error TS17004: Cannot use JSX unless the '--jsx' flag is provided.
src/components/Custom/EmployeeManagement/Admin/Modals/AddEmployeeModal.tsx(343,19): error TS17004: Cannot use JSX unless the '--jsx' flag is provided.
src/components/Custom/EmployeeManagement/Admin/Modals/AddEmployeeModal.tsx(344,19): error TS17004: Cannot use JSX unless the '--jsx' flag is provided.
src/components/Custom/EmployeeManagement/Admin/Modals/AddEmployeeModal.tsx(351,17): error TS17004: Cannot use JSX unless the '--jsx' flag is provided.
src/components/Custom/EmployeeManagement/Admin/Modals/AddEmployeeModal.tsx(352,19): error TS17004: Cannot use JSX unless the '--jsx' flag is provided.
src/components/Custom/EmployeeManagement/Admin/Modals/AddEmployeeModal.tsx(353,19): error TS17004: Cannot use JSX unless the '--jsx' flag is provided.
src/components/Custom/EmployeeManagement/Admin/Modals/AddEmployeeModal.tsx(362,15): error TS17004: Cannot use JSX unless the '--jsx' flag is provided.
src/components/Custom/EmployeeManagement/Admin/Modals/AddEmployeeModal.tsx(363,17): error TS17004: Cannot use JSX unless the '--jsx' flag is provided.
src/components/Custom/EmployeeManagement/Admin/Modals/AddEmployeeModal.tsx(364,17): error TS17004: Cannot use JSX unless the '--jsx' flag is provided.
src/components/Custom/EmployeeManagement/Admin/Modals/AddEmployeeModal.tsx(376,13): error TS17004: Cannot use JSX unless the '--jsx' flag is provided.
src/components/Custom/EmployeeManagement/Admin/Modals/AddEmployeeModal.tsx(378,15): error TS17004: Cannot use JSX unless the '--jsx' flag is provided.
src/components/Custom/EmployeeManagement/Admin/Modals/AddEmployeeModal.tsx(379,17): error TS17004: Cannot use JSX unless the '--jsx' flag is provided.
src/components/Custom/EmployeeManagement/Admin/Modals/AddEmployeeModal.tsx(380,19): error TS17004: Cannot use JSX unless the '--jsx' flag is provided.
src/components/Custom/EmployeeManagement/Admin/Modals/AddEmployeeModal.tsx(382,17): error TS17004: Cannot use JSX unless the '--jsx' flag is provided.
src/components/Custom/EmployeeManagement/Admin/Modals/AddEmployeeModal.tsx(387,19): error TS17004: Cannot use JSX unless the '--jsx' flag is provided.
src/components/Custom/EmployeeManagement/Admin/Modals/AddEmployeeModal.tsx(389,21): error TS17004: Cannot use JSX unless the '--jsx' flag is provided.
src/components/Custom/EmployeeManagement/Admin/Modals/AddEmployeeModal.tsx(394,17): error TS17004: Cannot use JSX unless the '--jsx' flag is provided.
src/components/Custom/EmployeeManagement/Admin/Modals/AddEmployeeModal.tsx(399,15): error TS17004: Cannot use JSX unless the '--jsx' flag is provided.
src/components/Custom/EmployeeManagement/Admin/Modals/AddEmployeeModal.tsx(400,17): error TS17004: Cannot use JSX unless the '--jsx' flag is provided.
src/components/Custom/EmployeeManagement/Admin/Modals/AddEmployeeModal.tsx(401,19): error TS17004: Cannot use JSX unless the '--jsx' flag is provided.
src/components/Custom/EmployeeManagement/Admin/Modals/AddEmployeeModal.tsx(402,21): error TS17004: Cannot use JSX unless the '--jsx' flag is provided.
src/components/Custom/EmployeeManagement/Admin/Modals/AddEmployeeModal.tsx(404,19): error TS17004: Cannot use JSX unless the '--jsx' flag is provided.
src/components/Custom/EmployeeManagement/Admin/Modals/AddEmployeeModal.tsx(411,17): error TS17004: Cannot use JSX unless the '--jsx' flag is provided.
src/components/Custom/EmployeeManagement/Admin/Modals/AddEmployeeModal.tsx(412,19): error TS17004: Cannot use JSX unless the '--jsx' flag is provided.
src/components/Custom/EmployeeManagement/Admin/Modals/AddEmployeeModal.tsx(413,19): error TS17004: Cannot use JSX unless the '--jsx' flag is provided.
src/components/Custom/EmployeeManagement/Admin/Modals/AddEmployeeModal.tsx(417,21): error TS17004: Cannot use JSX unless the '--jsx' flag is provided.
src/components/Custom/EmployeeManagement/Admin/Modals/AddEmployeeModal.tsx(419,23): error TS17004: Cannot use JSX unless the '--jsx' flag is provided.
src/components/Custom/EmployeeManagement/Admin/Modals/AddEmployeeModal.tsx(425,15): error TS17004: Cannot use JSX unless the '--jsx' flag is provided.
src/components/Custom/EmployeeManagement/Admin/Modals/AddEmployeeModal.tsx(426,17): error TS17004: Cannot use JSX unless the '--jsx' flag is provided.
src/components/Custom/EmployeeManagement/Admin/Modals/AddEmployeeModal.tsx(427,19): error TS17004: Cannot use JSX unless the '--jsx' flag is provided.
src/components/Custom/EmployeeManagement/Admin/Modals/AddEmployeeModal.tsx(428,19): error TS17004: Cannot use JSX unless the '--jsx' flag is provided.
src/components/Custom/EmployeeManagement/Admin/Modals/AddEmployeeModal.tsx(432,21): error TS17004: Cannot use JSX unless the '--jsx' flag is provided.
src/components/Custom/EmployeeManagement/Admin/Modals/AddEmployeeModal.tsx(434,23): error TS17004: Cannot use JSX unless the '--jsx' flag is provided.
src/components/Custom/EmployeeManagement/Admin/Modals/AddEmployeeModal.tsx(438,17): error TS17004: Cannot use JSX unless the '--jsx' flag is provided.
src/components/Custom/EmployeeManagement/Admin/Modals/AddEmployeeModal.tsx(439,19): error TS17004: Cannot use JSX unless the '--jsx' flag is provided.
src/components/Custom/EmployeeManagement/Admin/Modals/AddEmployeeModal.tsx(440,19): error TS17004: Cannot use JSX unless the '--jsx' flag is provided.
src/components/Custom/EmployeeManagement/Admin/Modals/AddEmployeeModal.tsx(445,23): error TS17004: Cannot use JSX unless the '--jsx' flag is provided.
src/components/Custom/EmployeeManagement/Admin/Modals/AddEmployeeModal.tsx(451,15): error TS17004: Cannot use JSX unless the '--jsx' flag is provided.
src/components/Custom/EmployeeManagement/Admin/Modals/AddEmployeeModal.tsx(452,17): error TS17004: Cannot use JSX unless the '--jsx' flag is provided.
src/components/Custom/EmployeeManagement/Admin/Modals/AddEmployeeModal.tsx(453,17): error TS17004: Cannot use JSX unless the '--jsx' flag is provided.
src/components/Custom/EmployeeManagement/Admin/Modals/AddEmployeeModal.tsx(464,11): error TS17004: Cannot use JSX unless the '--jsx' flag is provided.
src/components/Custom/EmployeeManagement/Admin/Modals/AddEmployeeModal.tsx(465,13): error TS17004: Cannot use JSX unless the '--jsx' flag is provided.
src/components/Custom/EmployeeManagement/Admin/Modals/AddEmployeeModal.tsx(472,13): error TS17004: Cannot use JSX unless the '--jsx' flag is provided.
src/components/Custom/EmployeeManagement/Admin/Modals/AddEmployeeModal.tsx(477,49): error TS17004: Cannot use JSX unless the '--jsx' flag is provided.
src/components/Custom/EmployeeManagement/Admin/Modals/AddEmployeeModal.tsx(477,50): error TS2304: Cannot find name 'Loader'.
