src/components/Custom/DashboardEmployeeComponents/ClockInWidget.tsx(32,61): error TS2345: Argument of type 'number' is not assignable to parameter of type 'string'.
src/components/Custom/Timekeeping/AttendanceComponents/admin/hooks/useAttendanceData.ts(23,54): error TS2353: Object literal may only specify known properties, and 'isAdmin' does not exist in type '{ page: number; limit: number; department?: string; employeeId?: string; startDate?: string; endDate?: string; }'.
src/components/Custom/Timekeeping/AttendanceComponents/admin/hooks/useAttendanceData.ts(31,30): error TS2339: Property 'logs' does not exist on type 'AttendanceLogResponse'.
src/components/Custom/Timekeeping/AttendanceComponents/admin/hooks/useAttendanceData.ts(31,60): error TS2339: Property 'logs' does not exist on type 'AttendanceLogResponse'.
src/components/Custom/Timekeeping/AttendanceComponents/admin/hooks/useAttendanceData.ts(32,30): error TS2339: Property 'logs' does not exist on type 'AttendanceLogResponse'.
src/components/Custom/Timekeeping/DailyTimeRecordComponents/Admin/Hooks/useAdminDTR.ts(48,54): error TS2345: Argument of type '{}' is not assignable to parameter of type '{ page: number; limit: number; department?: string; employeeId?: string; startDate?: string; endDate?: string; }'.
  Type '{}' is missing the following properties from type '{ page: number; limit: number; department?: string; employeeId?: string; startDate?: string; endDate?: string; }': page, limit
src/components/Custom/Timekeeping/DailyTimeRecordComponents/Admin/Hooks/useAdminDTR.ts(90,35): error TS2345: Argument of type 'string | number' is not assignable to parameter of type 'string'.
  Type 'number' is not assignable to type 'string'.
src/components/Custom/Timekeeping/DailyTimeRecordComponents/Employee/Hooks/useEmployeeDTR.ts(49,56): error TS2322: Type 'string | number' is not assignable to type 'string'.
  Type 'number' is not assignable to type 'string'.
src/components/Custom/Timekeeping/LeaveRequestComponents/Employee/Modals/SubmitLeaveRequestModal.tsx(37,5): error TS2322: Type 'Resolver<{ leaveType: string; startDate: string; endDate: string; description: string; isPaid?: boolean; attachment?: any; }, any, { leaveType: string; isPaid: boolean; startDate: string; endDate: string; description: string; attachment?: any; }>' is not assignable to type 'Resolver<{ leaveType: string; isPaid: boolean; startDate: string; endDate: string; description: string; attachment?: any; }, any, { leaveType: string; isPaid: boolean; startDate: string; endDate: string; description: string; attachment?: any; }>'.
  Types of parameters 'options' and 'options' are incompatible.
    Type 'ResolverOptions<{ leaveType: string; isPaid: boolean; startDate: string; endDate: string; description: string; attachment?: any; }>' is not assignable to type 'ResolverOptions<{ leaveType: string; startDate: string; endDate: string; description: string; isPaid?: boolean; attachment?: any; }>'.
      Type '{ leaveType: string; startDate: string; endDate: string; description: string; isPaid?: boolean; attachment?: any; }' is not assignable to type '{ leaveType: string; isPaid: boolean; startDate: string; endDate: string; description: string; attachment?: any; }'.
        Property 'isPaid' is optional in type '{ leaveType: string; startDate: string; endDate: string; description: string; isPaid?: boolean; attachment?: any; }' but required in type '{ leaveType: string; isPaid: boolean; startDate: string; endDate: string; description: string; attachment?: any; }'.
src/components/Custom/Timekeeping/LeaveRequestComponents/Employee/Modals/SubmitLeaveRequestModal.tsx(196,40): error TS2345: Argument of type '(data: SubmitLeaveRequestSchema) => void' is not assignable to parameter of type 'SubmitHandler<TFieldValues>'.
  Types of parameters 'data' and 'data' are incompatible.
    Type 'TFieldValues' is not assignable to type '{ leaveType: string; isPaid: boolean; startDate: string; endDate: string; description: string; attachment?: any; }'.
      Type 'FieldValues' is missing the following properties from type '{ leaveType: string; isPaid: boolean; startDate: string; endDate: string; description: string; attachment?: any; }': leaveType, isPaid, startDate, endDate, description
src/components/Custom/Timekeeping/LeaveRequestComponents/Employee/Modals/SubmitLeaveRequestModal.tsx(328,16): error TS2741: Property 'value' is missing in type '{ error: string; required: true; onChange: ChangeHandler; onBlur: ChangeHandler; ref: RefCallBack; name: "startDate"; min?: string | number; ... 5 more ...; label: string; }' but required in type 'DateInputProps'.
src/components/Custom/Timekeeping/LeaveRequestComponents/Employee/Modals/SubmitLeaveRequestModal.tsx(335,16): error TS2741: Property 'value' is missing in type '{ error: string; required: true; onChange: ChangeHandler; onBlur: ChangeHandler; ref: RefCallBack; name: "endDate"; min?: string | number; max?: string | number; ... 4 more ...; label: string; }' but required in type 'DateInputProps'.
src/hooks/useBiometrics.ts(4,23): error TS2307: Cannot find module 'react-hot-toast' or its corresponding type declarations.
src/hooks/useDTR.ts(4,23): error TS2307: Cannot find module 'react-hot-toast' or its corresponding type declarations.
src/pages/DashboardEmployee/EmployeeDashboard.tsx(119,15): error TS2353: Object literal may only specify known properties, and 'month' does not exist in type '{ page: number; limit: number; department?: string; employeeId?: string; startDate?: string; endDate?: string; }'.
src/pages/TimekeepingAdmin/adminDailyTimeRecord.tsx(72,5): error TS1117: An object literal cannot have multiple properties with the same name.
src/pages/TimekeepingEmployee/EmployeeLeaveRequest.tsx(140,15): error TS2322: Type '{ searchQuery: string; onSearchChange: (e: ChangeEvent<HTMLInputElement>) => void; isLoading: boolean; }' is not assignable to type 'IntrinsicAttributes & SearchBarProps'.
  Property 'onSearchChange' does not exist on type 'IntrinsicAttributes & SearchBarProps'.
