frontend/src/Authentication/ForgotPassword.tsx(21,28): error TS2345: Argument of type 'string' is not assignable to parameter of type '{ email: string; }'.
frontend/src/Authentication/ResetPassword.tsx(38,34): error TS2554: Expected 1 arguments, but got 2.
frontend/src/components/Custom/Timekeeping/LeaveRequestComponents/Admin/hooks/useAdminLeaveData.ts(7,27): error TS2304: Cannot find name 'useState'.
frontend/src/components/Custom/Timekeeping/LeaveRequestComponents/Admin/hooks/useAdminLeaveData.ts(8,29): error TS2304: Cannot find name 'useState'.
frontend/src/components/Custom/Timekeeping/LeaveRequestComponents/Admin/hooks/useAdminLeaveData.ts(9,33): error TS2304: Cannot find name 'useState'.
frontend/src/components/Custom/Timekeeping/LeaveRequestComponents/Admin/hooks/useAdminLeaveData.ts(66,5): error TS2769: No overload matches this call.
  Overload 1 of 3, '(options: DefinedInitialDataOptions<unknown, Error, unknown, any[]>, queryClient?: QueryClient): DefinedUseQueryResult<unknown, Error>', gave the following error.
    Object literal may only specify known properties, and 'keepPreviousData' does not exist in type 'DefinedInitialDataOptions<unknown, Error, unknown, any[]>'.
  Overload 2 of 3, '(options: UndefinedInitialDataOptions<{ leaves: any; pagination: any; }, Error, { leaves: any; pagination: any; }, any[]>, queryClient?: QueryClient): UseQueryResult<...>', gave the following error.
    Object literal may only specify known properties, and 'keepPreviousData' does not exist in type 'UndefinedInitialDataOptions<{ leaves: any; pagination: any; }, Error, { leaves: any; pagination: any; }, any[]>'.
  Overload 3 of 3, '(options: UseQueryOptions<{ leaves: any; pagination: any; }, Error, { leaves: any; pagination: any; }, any[]>, queryClient?: QueryClient): UseQueryResult<{ leaves: any; pagination: any; }, Error>', gave the following error.
    Object literal may only specify known properties, and 'keepPreviousData' does not exist in type 'UseQueryOptions<{ leaves: any; pagination: any; }, Error, { leaves: any; pagination: any; }, any[]>'.
frontend/src/components/Custom/Timekeeping/LeaveRequestComponents/Admin/hooks/useAdminLeaveData.ts(80,19): error TS2339: Property 'leaves' does not exist on type 'unknown'.
frontend/src/components/Custom/Timekeeping/LeaveRequestComponents/Admin/hooks/useAdminLeaveData.ts(81,23): error TS2339: Property 'pagination' does not exist on type 'unknown'.
frontend/src/components/Custom/Timekeeping/LeaveRequestComponents/Employee/hooks/useLeaveData.ts(63,5): error TS2769: No overload matches this call.
  Overload 1 of 3, '(options: DefinedInitialDataOptions<unknown, Error, unknown, (string | number | { search: string; startDate: string; endDate: string; status: string; type: string; })[]>, queryClient?: QueryClient): DefinedUseQueryResult<...>', gave the following error.
    Object literal may only specify known properties, and 'keepPreviousData' does not exist in type 'DefinedInitialDataOptions<unknown, Error, unknown, (string | number | { search: string; startDate: string; endDate: string; status: string; type: string; })[]>'.
  Overload 2 of 3, '(options: UndefinedInitialDataOptions<{ leaves: any; pagination: any; }, Error, { leaves: any; pagination: any; }, (string | number | { search: string; startDate: string; endDate: string; status: string; type: string; })[]>, queryClient?: QueryClient): UseQueryResult<...>', gave the following error.
    Object literal may only specify known properties, and 'keepPreviousData' does not exist in type 'UndefinedInitialDataOptions<{ leaves: any; pagination: any; }, Error, { leaves: any; pagination: any; }, (string | number | { search: string; startDate: string; endDate: string; status: string; type: string; })[]>'.
  Overload 3 of 3, '(options: UseQueryOptions<{ leaves: any; pagination: any; }, Error, { leaves: any; pagination: any; }, (string | number | { search: string; startDate: string; endDate: string; status: string; type: string; })[]>, queryClient?: QueryClient): UseQueryResult<...>', gave the following error.
    Object literal may only specify known properties, and 'keepPreviousData' does not exist in type 'UseQueryOptions<{ leaves: any; pagination: any; }, Error, { leaves: any; pagination: any; }, (string | number | { search: string; startDate: string; endDate: string; status: string; type: string; })[]>'.
frontend/src/components/Custom/Timekeeping/LeaveRequestComponents/Employee/hooks/useLeaveData.ts(76,19): error TS2339: Property 'leaves' does not exist on type 'unknown'.
frontend/src/components/Custom/Timekeeping/LeaveRequestComponents/Employee/hooks/useLeaveData.ts(77,23): error TS2339: Property 'pagination' does not exist on type 'unknown'.
frontend/src/features/Attendance/components/Admin/AttendanceExport.tsx(5,34): error TS2307: Cannot find module '../hooks/useAttendanceData' or its corresponding type declarations.
frontend/src/features/Attendance/components/Admin/utils/attendanceExcelExport.ts(2,34): error TS2307: Cannot find module '../hooks/useAttendanceData' or its corresponding type declarations.
frontend/src/features/Attendance/hooks/Admin/useAttendancePagination.ts(2,27): error TS2307: Cannot find module '../constants/attendanceConstants' or its corresponding type declarations.
frontend/src/features/DailyTimeRecord/components/Admin/AdminDTREditModal.tsx(6,27): error TS2307: Cannot find module '../Utils/adminDTRUtils' or its corresponding type declarations.
frontend/src/features/DailyTimeRecord/components/Employee/EmployeeDTRFilters.tsx(2,59): error TS2307: Cannot find module '../Utils/employeeDTRUtils' or its corresponding type declarations.
frontend/src/features/DailyTimeRecord/components/Employee/EmployeeDTRHeader.tsx(3,30): error TS2307: Cannot find module '../Utils/employeeDTRUtils' or its corresponding type declarations.
frontend/src/features/DailyTimeRecord/components/Employee/EmployeeDTRTable.tsx(3,31): error TS2307: Cannot find module '../Constants/employeeDTR.constant' or its corresponding type declarations.
frontend/src/features/DailyTimeRecord/components/Employee/EmployeeDTRTable.tsx(4,55): error TS2307: Cannot find module '../Utils/employeeDTRUtils' or its corresponding type declarations.
frontend/src/features/DailyTimeRecord/hooks/Employee/useEmployeeDTR.ts(15,8): error TS2307: Cannot find module '../Utils/employeeDTRUtils' or its corresponding type declarations.
frontend/src/features/DailyTimeRecord/hooks/Employee/useEmployeeDTR.ts(16,81): error TS2307: Cannot find module '../Constants/employeeDTR.constant' or its corresponding type declarations.
frontend/src/features/LeaveRequests/components/Admin/Filters.tsx(2,30): error TS2307: Cannot find module '../types' or its corresponding type declarations.
frontend/src/features/LeaveRequests/components/Admin/Table.tsx(3,35): error TS2307: Cannot find module '../types' or its corresponding type declarations.
frontend/src/features/LeaveRequests/components/Admin/Table.tsx(4,31): error TS2307: Cannot find module '../Modals/LeaveDetailsModal' or its corresponding type declarations.
frontend/src/features/LeaveRequests/hooks/Admin/useAdminLeaveData.ts(7,27): error TS2304: Cannot find name 'useState'.
frontend/src/features/LeaveRequests/hooks/Admin/useAdminLeaveData.ts(8,29): error TS2304: Cannot find name 'useState'.
frontend/src/features/LeaveRequests/hooks/Admin/useAdminLeaveData.ts(9,33): error TS2304: Cannot find name 'useState'.
frontend/src/features/LeaveRequests/hooks/Admin/useAdminLeaveData.ts(66,5): error TS2769: No overload matches this call.
  Overload 1 of 3, '(options: DefinedInitialDataOptions<unknown, Error, unknown, any[]>, queryClient?: QueryClient): DefinedUseQueryResult<unknown, Error>', gave the following error.
    Object literal may only specify known properties, and 'keepPreviousData' does not exist in type 'DefinedInitialDataOptions<unknown, Error, unknown, any[]>'.
  Overload 2 of 3, '(options: UndefinedInitialDataOptions<{ leaves: any; pagination: any; }, Error, { leaves: any; pagination: any; }, any[]>, queryClient?: QueryClient): UseQueryResult<...>', gave the following error.
    Object literal may only specify known properties, and 'keepPreviousData' does not exist in type 'UndefinedInitialDataOptions<{ leaves: any; pagination: any; }, Error, { leaves: any; pagination: any; }, any[]>'.
  Overload 3 of 3, '(options: UseQueryOptions<{ leaves: any; pagination: any; }, Error, { leaves: any; pagination: any; }, any[]>, queryClient?: QueryClient): UseQueryResult<{ leaves: any; pagination: any; }, Error>', gave the following error.
    Object literal may only specify known properties, and 'keepPreviousData' does not exist in type 'UseQueryOptions<{ leaves: any; pagination: any; }, Error, { leaves: any; pagination: any; }, any[]>'.
frontend/src/features/LeaveRequests/hooks/Admin/useAdminLeaveData.ts(80,19): error TS2339: Property 'leaves' does not exist on type 'unknown'.
frontend/src/features/LeaveRequests/hooks/Admin/useAdminLeaveData.ts(81,23): error TS2339: Property 'pagination' does not exist on type 'unknown'.
frontend/src/features/LeaveRequests/hooks/Employee/useLeaveData.ts(63,5): error TS2769: No overload matches this call.
  Overload 1 of 3, '(options: DefinedInitialDataOptions<unknown, Error, unknown, (string | number | { search: string; startDate: string; endDate: string; status: string; type: string; })[]>, queryClient?: QueryClient): DefinedUseQueryResult<...>', gave the following error.
    Object literal may only specify known properties, and 'keepPreviousData' does not exist in type 'DefinedInitialDataOptions<unknown, Error, unknown, (string | number | { search: string; startDate: string; endDate: string; status: string; type: string; })[]>'.
  Overload 2 of 3, '(options: UndefinedInitialDataOptions<{ leaves: any; pagination: any; }, Error, { leaves: any; pagination: any; }, (string | number | { search: string; startDate: string; endDate: string; status: string; type: string; })[]>, queryClient?: QueryClient): UseQueryResult<...>', gave the following error.
    Object literal may only specify known properties, and 'keepPreviousData' does not exist in type 'UndefinedInitialDataOptions<{ leaves: any; pagination: any; }, Error, { leaves: any; pagination: any; }, (string | number | { search: string; startDate: string; endDate: string; status: string; type: string; })[]>'.
  Overload 3 of 3, '(options: UseQueryOptions<{ leaves: any; pagination: any; }, Error, { leaves: any; pagination: any; }, (string | number | { search: string; startDate: string; endDate: string; status: string; type: string; })[]>, queryClient?: QueryClient): UseQueryResult<...>', gave the following error.
    Object literal may only specify known properties, and 'keepPreviousData' does not exist in type 'UseQueryOptions<{ leaves: any; pagination: any; }, Error, { leaves: any; pagination: any; }, (string | number | { search: string; startDate: string; endDate: string; status: string; type: string; })[]>'.
frontend/src/features/LeaveRequests/hooks/Employee/useLeaveData.ts(76,19): error TS2339: Property 'leaves' does not exist on type 'unknown'.
frontend/src/features/LeaveRequests/hooks/Employee/useLeaveData.ts(77,23): error TS2339: Property 'pagination' does not exist on type 'unknown'.
frontend/src/features/LeaveRequests/hooks/useAdminLeaveData.ts(7,27): error TS2304: Cannot find name 'useState'.
frontend/src/features/LeaveRequests/hooks/useAdminLeaveData.ts(8,29): error TS2304: Cannot find name 'useState'.
frontend/src/features/LeaveRequests/hooks/useAdminLeaveData.ts(9,33): error TS2304: Cannot find name 'useState'.
frontend/src/features/LeaveRequests/hooks/useAdminLeaveData.ts(66,5): error TS2769: No overload matches this call.
  Overload 1 of 3, '(options: DefinedInitialDataOptions<unknown, Error, unknown, any[]>, queryClient?: QueryClient): DefinedUseQueryResult<unknown, Error>', gave the following error.
    Object literal may only specify known properties, and 'keepPreviousData' does not exist in type 'DefinedInitialDataOptions<unknown, Error, unknown, any[]>'.
  Overload 2 of 3, '(options: UndefinedInitialDataOptions<{ leaves: any; pagination: any; }, Error, { leaves: any; pagination: any; }, any[]>, queryClient?: QueryClient): UseQueryResult<...>', gave the following error.
    Object literal may only specify known properties, and 'keepPreviousData' does not exist in type 'UndefinedInitialDataOptions<{ leaves: any; pagination: any; }, Error, { leaves: any; pagination: any; }, any[]>'.
  Overload 3 of 3, '(options: UseQueryOptions<{ leaves: any; pagination: any; }, Error, { leaves: any; pagination: any; }, any[]>, queryClient?: QueryClient): UseQueryResult<{ leaves: any; pagination: any; }, Error>', gave the following error.
    Object literal may only specify known properties, and 'keepPreviousData' does not exist in type 'UseQueryOptions<{ leaves: any; pagination: any; }, Error, { leaves: any; pagination: any; }, any[]>'.
frontend/src/features/LeaveRequests/hooks/useAdminLeaveData.ts(80,19): error TS2339: Property 'leaves' does not exist on type 'unknown'.
frontend/src/features/LeaveRequests/hooks/useAdminLeaveData.ts(81,23): error TS2339: Property 'pagination' does not exist on type 'unknown'.
frontend/src/features/LeaveRequests/hooks/useLeaveData.ts(63,5): error TS2769: No overload matches this call.
  Overload 1 of 3, '(options: DefinedInitialDataOptions<unknown, Error, unknown, (string | number | { search: string; startDate: string; endDate: string; status: string; type: string; })[]>, queryClient?: QueryClient): DefinedUseQueryResult<...>', gave the following error.
    Object literal may only specify known properties, and 'keepPreviousData' does not exist in type 'DefinedInitialDataOptions<unknown, Error, unknown, (string | number | { search: string; startDate: string; endDate: string; status: string; type: string; })[]>'.
  Overload 2 of 3, '(options: UndefinedInitialDataOptions<{ leaves: any; pagination: any; }, Error, { leaves: any; pagination: any; }, (string | number | { search: string; startDate: string; endDate: string; status: string; type: string; })[]>, queryClient?: QueryClient): UseQueryResult<...>', gave the following error.
    Object literal may only specify known properties, and 'keepPreviousData' does not exist in type 'UndefinedInitialDataOptions<{ leaves: any; pagination: any; }, Error, { leaves: any; pagination: any; }, (string | number | { search: string; startDate: string; endDate: string; status: string; type: string; })[]>'.
  Overload 3 of 3, '(options: UseQueryOptions<{ leaves: any; pagination: any; }, Error, { leaves: any; pagination: any; }, (string | number | { search: string; startDate: string; endDate: string; status: string; type: string; })[]>, queryClient?: QueryClient): UseQueryResult<...>', gave the following error.
    Object literal may only specify known properties, and 'keepPreviousData' does not exist in type 'UseQueryOptions<{ leaves: any; pagination: any; }, Error, { leaves: any; pagination: any; }, (string | number | { search: string; startDate: string; endDate: string; status: string; type: string; })[]>'.
frontend/src/features/LeaveRequests/hooks/useLeaveData.ts(76,19): error TS2339: Property 'leaves' does not exist on type 'unknown'.
frontend/src/features/LeaveRequests/hooks/useLeaveData.ts(77,23): error TS2339: Property 'pagination' does not exist on type 'unknown'.
frontend/src/features/Performance/Admin/Components/PerformanceTable.tsx(3,31): error TS2307: Cannot find module '@/features/Performance/Admin/constants/adminPerformance.constant' or its corresponding type declarations.
frontend/src/features/Performance/Admin/Components/PerformanceTable.tsx(5,38): error TS2307: Cannot find module '@/features/Performance/Admin/Utils/adminPerformanceUtils' or its corresponding type declarations.
frontend/src/features/Performance/Admin/Hooks/useAdminPerformance.ts(4,160): error TS2307: Cannot find module '@/features/Performance/Admin/Utils/adminPerformanceUtils' or its corresponding type declarations.
frontend/src/features/Performance/Admin/Hooks/useAdminPerformance.ts(5,65): error TS2307: Cannot find module '@/features/Performance/Admin/constants/adminPerformance.constant' or its corresponding type declarations.
frontend/src/features/Performance/Admin/Hooks/useAdminPerformance.ts(6,38): error TS2307: Cannot find module '@/features/Performance/Admin/Utils/adminPerformanceUtils' or its corresponding type declarations.
frontend/src/features/Performance/Admin/Hooks/useAdminPerformance.ts(191,3): error TS2741: Property 'handleRefresh' is missing in type '{ today: string; sidebarOpen: boolean; filters: FiltersState; searchQuery: string; debouncedSearchQuery: string; currentPage: number; isLoading: boolean; loadingType: string; ... 17 more ...; getStatusBadge: (status: string) => any; }' but required in type 'AdminPerformanceHookReturn'.
frontend/src/features/Performance/constants/performanceConstants.ts(1,90): error TS2307: Cannot find module '../../../../utils/colorPalette' or its corresponding type declarations.
frontend/src/features/Performance/EvaluationTable.tsx(9,80): error TS2307: Cannot find module '../../../utils/colorPalette' or its corresponding type declarations.
frontend/src/features/Performance/Hooks/usePerformanceReview.ts(12,37): error TS2307: Cannot find module '@/features/Performance/components/constants/performanceConstants' or its corresponding type declarations.
frontend/src/features/Performance/RatingLegend.tsx(2,34): error TS2307: Cannot find module '../../../api/performanceApi' or its corresponding type declarations.
frontend/src/features/Settings/Biometrics/Enrollment/components/AddEmployeeModal.tsx(45,22): error TS2345: Argument of type 'RegisterFormState' is not assignable to parameter of type '{ name: string; email: string; department: string; password: string; confirmPassword: string; role: "admin" | "hr" | "employee"; }'.
  Property 'confirmPassword' is missing in type 'RegisterFormState' but required in type '{ name: string; email: string; department: string; password: string; confirmPassword: string; role: "admin" | "hr" | "employee"; }'.
frontend/src/hooks/useAuthQueries.ts(14,53): error TS2305: Module '"@/schemas/authSchema"' has no exported member 'ResendOTPInput'.
frontend/src/pages/TimekeepingEmployee/EmployeeLeaveRequest.tsx(9,37): error TS2307: Cannot find module '@/features/LeaveRequests/Modals/SubmitLeaveRequestModal' or its corresponding type declarations.
frontend/src/pages/TimekeepingEmployee/EmployeeLeaveRequest.tsx(10,27): error TS2307: Cannot find module '@/features/LeaveRequests/Modals/Finalize' or its corresponding type declarations.
frontend/src/pages/TimekeepingEmployee/EmployeeLeaveRequest.tsx(85,7): error TS1117: An object literal cannot have multiple properties with the same name.
frontend/src/Service/Auth.ts(7,3): error TS2305: Module '"@/schemas/authSchema"' has no exported member 'ResendOTPInput'.
