jobs/forcedLeaveDeduction.ts(41,50): error TS2769: No overload matches this call.
  Overload 1 of 2, '(value: { employeeId: string | SQL<unknown> | Placeholder<string, any>; creditType: SQL<unknown> | "Vacation Leave" | "Sick Leave" | "Special Privilege Leave" | "Forced Leave" | ... 5 more ... | Placeholder<...>; ... 8 more ...; remarks?: string | ... 3 more ... | undefined; }): MySqlInsertBase<...>', gave the following error.
    Type '"FORCED_LEAVE_DEDUCTION"' is not assignable to type 'SQL<unknown> | "ACCRUAL" | "DEDUCTION" | "ADJUSTMENT" | "MONETIZATION" | "FORFEITURE" | "UNDERTIME_DEDUCTION" | "TARDINESS_DEDUCTION" | Placeholder<string, any>'.
  Overload 2 of 2, '(values: { employeeId: string | SQL<unknown> | Placeholder<string, any>; creditType: SQL<unknown> | "Vacation Leave" | "Sick Leave" | "Special Privilege Leave" | "Forced Leave" | ... 5 more ... | Placeholder<...>; ... 8 more ...; remarks?: string | ... 3 more ... | undefined; }[]): MySqlInsertBase<...>', gave the following error.
    Object literal may only specify known properties, and 'employeeId' does not exist in type '{ employeeId: string | SQL<unknown> | Placeholder<string, any>; creditType: SQL<unknown> | "Vacation Leave" | "Sick Leave" | "Special Privilege Leave" | "Forced Leave" | ... 5 more ... | Placeholder<...>; ... 8 more ...; remarks?: string | ... 3 more ... | undefined; }[]'.
scripts/manual_migrate.ts(1,1): error TS6133: 'migrate' is declared but its value is never read.
scripts/manual_migrate.ts(2,14): error TS2614: Module '"../db/index.js"' has no exported member 'connection'. Did you mean to use 'import connection from "../db/index.js"' instead?
scripts/manual_migrate.ts(2,14): error TS6133: 'connection' is declared but its value is never read.
scripts/test_new_cols.ts(2,43): error TS6133: 'authentication' is declared but its value is never read.
scripts/test_new_cols.ts(3,1): error TS6133: 'eq' is declared but its value is never read.
services/attendanceRatingService.ts(57,7): error TS2769: No overload matches this call.
  Overload 1 of 3, '(left: MySqlColumn<{ name: "employee_id"; tableName: "employee_memos"; dataType: "number"; columnType: "MySqlInt"; data: number; driverParam: string | number; notNull: true; hasDefault: false; isPrimaryKey: false; ... 5 more ...; generated: undefined; }, {}, {}>, right: number | SQLWrapper): SQL<...>', gave the following error.
    Argument of type 'string' is not assignable to parameter of type 'number | SQLWrapper'.
  Overload 2 of 3, '(left: Aliased<string>, right: string | SQLWrapper): SQL<unknown>', gave the following error.
    Argument of type 'MySqlColumn<{ name: "employee_id"; tableName: "employee_memos"; dataType: "number"; columnType: "MySqlInt"; data: number; driverParam: string | number; notNull: true; hasDefault: false; isPrimaryKey: false; ... 5 more ...; generated: undefined; }, {}, {}>' is not assignable to parameter of type 'Aliased<string>'.
      Type 'MySqlColumn<{ name: "employee_id"; tableName: "employee_memos"; dataType: "number"; columnType: "MySqlInt"; data: number; driverParam: string | number; notNull: true; hasDefault: false; isPrimaryKey: false; ... 5 more ...; generated: undefined; }, {}, {}>' is missing the following properties from type 'Aliased<string>': sql, fieldAlias
  Overload 3 of 3, '(left: never, right: unknown): SQL<unknown>', gave the following error.
    Argument of type 'MySqlColumn<{ name: "employee_id"; tableName: "employee_memos"; dataType: "number"; columnType: "MySqlInt"; data: number; driverParam: string | number; notNull: true; hasDefault: false; isPrimaryKey: false; ... 5 more ...; generated: undefined; }, {}, {}>' is not assignable to parameter of type 'never'.
services/attendanceRatingService.ts(58,25): error TS2339: Property 'issuedAt' does not exist on type 'MySqlTableWithColumns<{ name: "employee_memos"; schema: undefined; columns: { id: MySqlColumn<{ name: "id"; tableName: "employee_memos"; dataType: "number"; columnType: "MySqlInt"; data: number; driverParam: string | number; ... 8 more ...; generated: undefined; }, {}, {}>; ... 13 more ...; updatedAt: MySqlColumn<.....'.
services/attendanceRatingService.ts(59,25): error TS2339: Property 'issuedAt' does not exist on type 'MySqlTableWithColumns<{ name: "employee_memos"; schema: undefined; columns: { id: MySqlColumn<{ name: "id"; tableName: "employee_memos"; dataType: "number"; columnType: "MySqlInt"; data: number; driverParam: string | number; ... 8 more ...; generated: undefined; }, {}, {}>; ... 13 more ...; updatedAt: MySqlColumn<.....'.
