controllers/announcementController.ts(109,11): error TS6133: 'formattedStartTime' is declared but its value is never read.
controllers/announcementController.ts(110,11): error TS6133: 'formattedEndTime' is declared but its value is never read.
controllers/announcementController.ts(111,11): error TS6133: 'formattedStartDate' is declared but its value is never read.
controllers/announcementController.ts(112,11): error TS6133: 'formattedEndDate' is declared but its value is never read.
controllers/auth.controller.ts(23,1): error TS6133: 'EmployeeApiResponse' is declared but its value is never read.
controllers/auth.controller.ts(132,9): error TS2353: Object literal may only specify known properties, and 'schedules' does not exist in type '{ department?: true | { columns?: { id?: boolean | undefined; name?: boolean | undefined; description?: boolean | undefined; headOfDepartment?: boolean | undefined; createdAt?: boolean | undefined; updatedAt?: boolean | undefined; budget?: boolean | undefined; parentDepartmentId?: boolean | undefined; location?: boo...'.
controllers/complianceController.ts(3,62): error TS6133: 'internalPolicies' is declared but its value is never read.
controllers/complianceController.ts(115,40): error TS6133: 'req' is declared but its value is never read.
controllers/departmentController.ts(166,11): error TS6133: 'result' is declared but its value is never read.
controllers/departmentController.ts(184,11): error TS6133: 'result' is declared but its value is never read.
controllers/devController.ts(4,10): error TS6133: 'authentication' is declared but its value is never read.
controllers/dtrController.ts(2,1): error TS6133: 'ResultSetHeader' is declared but its value is never read.
controllers/dtrController.ts(135,7): error TS6133: 'parseTime' is declared but its value is never read.
controllers/emailTemplateController.ts(39,9): error TS2561: Object literal may only specify known properties, but 'subjectTemplate' does not exist in type '{ stage_name?: string | SQL<unknown> | undefined; subject_template?: string | SQL<unknown> | undefined; body_template?: string | SQL<unknown> | undefined; id?: number | SQL<unknown> | undefined; updated_at?: string | ... 2 more ... | undefined; available_variables?: string | ... 2 more ... | undefined; }'. Did you mean to write 'subject_template'?
controllers/policyController.ts(4,14): error TS6133: 'and' is declared but its value is never read.
controllers/qualificationStandardsController.ts(3,54): error TS6133: 'authentication' is declared but its value is never read.
controllers/qualificationStandardsController.ts(274,45): error TS2339: Property 'employeeId' does not exist on type '{ id: number; name: string; education: string | null; experienceYears: number; eligibility: string | null; }'.
controllers/recruitmentController.ts(10,33): error TS6133: 'formatToManilaDateTime' is declared but its value is never read.
controllers/recruitmentController.ts(11,97): error TS6196: 'ApplicantStatus' is declared but never used.
controllers/recruitmentController.ts(11,114): error TS6196: 'InterviewPlatform' is declared but never used.
controllers/recruitmentController.ts(285,85): error TS2551: Property 'firstName' does not exist on type '{ id: number; created_at: string | null; status: "Rejected" | "Applied" | "Screening" | "Interview" | "Offer" | "Hired" | null; first_name: string; last_name: string; email: string; phone_number: string | null; ... 16 more ...; recruitmentJob: { ...; } | null; }'. Did you mean 'first_name'?
controllers/recruitmentController.ts(292,50): error TS2551: Property 'firstName' does not exist on type '{ id: number; created_at: string | null; status: "Rejected" | "Applied" | "Screening" | "Interview" | "Offer" | "Hired" | null; first_name: string; last_name: string; email: string; phone_number: string | null; ... 16 more ...; recruitmentJob: { ...; } | null; }'. Did you mean 'first_name'?
controllers/recruitmentController.ts(292,73): error TS2551: Property 'lastName' does not exist on type '{ id: number; created_at: string | null; status: "Rejected" | "Applied" | "Screening" | "Interview" | "Offer" | "Hired" | null; first_name: string; last_name: string; email: string; phone_number: string | null; ... 16 more ...; recruitmentJob: { ...; } | null; }'. Did you mean 'last_name'?
controllers/recruitmentController.ts(384,37): error TS2551: Property 'createdAt' does not exist on type 'MySqlTableWithColumns<{ name: "recruitment_jobs"; schema: undefined; columns: { id: MySqlColumn<{ name: "id"; tableName: "recruitment_jobs"; dataType: "number"; columnType: "MySqlInt"; data: number; driverParam: string | number; ... 8 more ...; generated: undefined; }, {}, {}>; ... 14 more ...; attachment_path: MySq...'. Did you mean 'created_at'?
controllers/recruitmentController.ts(464,91): error TS2551: Property 'firstName' does not exist on type '{ id: number; created_at: string | null; status: "Rejected" | "Applied" | "Screening" | "Interview" | "Offer" | "Hired" | null; first_name: string; last_name: string; email: string; phone_number: string | null; ... 16 more ...; recruitmentJob: { ...; } | null; }'. Did you mean 'first_name'?
controllers/recruitmentController.ts(464,114): error TS2551: Property 'lastName' does not exist on type '{ id: number; created_at: string | null; status: "Rejected" | "Applied" | "Screening" | "Interview" | "Offer" | "Hired" | null; first_name: string; last_name: string; email: string; phone_number: string | null; ... 16 more ...; recruitmentJob: { ...; } | null; }'. Did you mean 'last_name'?
controllers/recruitmentController.ts(471,27): error TS2551: Property 'firstName' does not exist on type '{ id: number; created_at: string | null; status: "Rejected" | "Applied" | "Screening" | "Interview" | "Offer" | "Hired" | null; first_name: string; last_name: string; email: string; phone_number: string | null; ... 16 more ...; recruitmentJob: { ...; } | null; }'. Did you mean 'first_name'?
controllers/recruitmentController.ts(471,50): error TS2551: Property 'lastName' does not exist on type '{ id: number; created_at: string | null; status: "Rejected" | "Applied" | "Screening" | "Interview" | "Offer" | "Hired" | null; first_name: string; last_name: string; email: string; phone_number: string | null; ... 16 more ...; recruitmentJob: { ...; } | null; }'. Did you mean 'last_name'?
controllers/recruitmentController.ts(474,32): error TS2551: Property 'firstName' does not exist on type '{ id: number; created_at: string | null; status: "Rejected" | "Applied" | "Screening" | "Interview" | "Offer" | "Hired" | null; first_name: string; last_name: string; email: string; phone_number: string | null; ... 16 more ...; recruitmentJob: { ...; } | null; }'. Did you mean 'first_name'?
controllers/scheduleController.ts(88,68): error TS6133: 'is_rest_day' is declared but its value is never read.
controllers/stepIncrementController.ts(113,11): error TS7034: Variable 'eligibleEmployees' implicitly has type 'any[]' in some locations where its type cannot be determined.
controllers/stepIncrementController.ts(177,29): error TS7005: Variable 'eligibleEmployees' implicitly has an 'any[]' type.
controllers/stepIncrementController.ts(223,50): error TS2551: Property 'employee_id' does not exist on type '{ employeeId: number; positionId: number; currentStep: number; eligibleDate: string; status: "Pending" | "Approved" | "Denied" | "Processed"; previousStep?: number | null | undefined; remarks?: string | ... 1 more ... | undefined; }'. Did you mean 'employeeId'?
controllers/stepIncrementController.ts(236,33): error TS2551: Property 'employee_id' does not exist on type '{ employeeId: number; positionId: number; currentStep: number; eligibleDate: string; status: "Pending" | "Approved" | "Denied" | "Processed"; previousStep?: number | null | undefined; remarks?: string | ... 1 more ... | undefined; }'. Did you mean 'employeeId'?
controllers/stepIncrementController.ts(237,33): error TS2551: Property 'position_id' does not exist on type '{ employeeId: number; positionId: number; currentStep: number; eligibleDate: string; status: "Pending" | "Approved" | "Denied" | "Processed"; previousStep?: number | null | undefined; remarks?: string | ... 1 more ... | undefined; }'. Did you mean 'positionId'?
controllers/stepIncrementController.ts(238,34): error TS2551: Property 'current_step' does not exist on type '{ employeeId: number; positionId: number; currentStep: number; eligibleDate: string; status: "Pending" | "Approved" | "Denied" | "Processed"; previousStep?: number | null | undefined; remarks?: string | ... 1 more ... | undefined; }'. Did you mean 'currentStep'?
controllers/stepIncrementController.ts(239,35): error TS2551: Property 'previous_step' does not exist on type '{ employeeId: number; positionId: number; currentStep: number; eligibleDate: string; status: "Pending" | "Approved" | "Denied" | "Processed"; previousStep?: number | null | undefined; remarks?: string | ... 1 more ... | undefined; }'. Did you mean 'previousStep'?
controllers/stepIncrementController.ts(240,35): error TS2551: Property 'eligible_date' does not exist on type '{ employeeId: number; positionId: number; currentStep: number; eligibleDate: string; status: "Pending" | "Approved" | "Denied" | "Processed"; previousStep?: number | null | undefined; remarks?: string | ... 1 more ... | undefined; }'. Did you mean 'eligibleDate'?
controllers/stepIncrementController.ts(277,13): error TS2339: Property 'increment_id' does not exist on type '{ incrementId: number; status: "Approved" | "Denied"; remarks?: string | null | undefined; }'.
controllers/user.controller.ts(35,3): error TS6133: 'EmployeeDbModel' is declared but its value is never read.
controllers/zoomController.ts(3,1): error TS6133: 'AuthenticatedRequest' is declared but its value is never read.
db/migrations/013_csc_leave_system.ts(1,16): error TS2307: Cannot find module '../connection.ts' or its corresponding type declarations.
db/migrations/013_csc_leave_system.ts(2,1): error TS6133: 'ResultSetHeader' is declared but its value is never read.
db/migrations/014_service_records_dtr_integration.ts(2,16): error TS2307: Cannot find module '../connection.ts' or its corresponding type declarations.
db/migrations/015_plantilla_compliance_system.ts(1,16): error TS2307: Cannot find module '../connection.js' or its corresponding type declarations.
db/migrations/015_plantilla_compliance_system.ts(2,1): error TS6133: 'ResultSetHeader' is declared but its value is never read.
db/migrations/016_add_social_media_fields.ts(1,16): error TS2307: Cannot find module '../connection.js' or its corresponding type declarations.
db/migrations/017_create_contact_inquiries.ts(1,16): error TS2307: Cannot find module '../connection.js' or its corresponding type declarations.
db/migrations/018_create_live_chat_system.ts(1,16): error TS2307: Cannot find module '../connection.js' or its corresponding type declarations.
db/migrations/019_link_plantilla_dept_employee.ts(1,16): error TS2307: Cannot find module '../connection.js' or its corresponding type declarations.
db/migrations/020_link_employee_dept.ts(1,16): error TS2307: Cannot find module '../connection.js' or its corresponding type declarations.
db/migrations/022_add_applicant_details.ts(1,16): error TS2307: Cannot find module '../connection.ts' or its corresponding type declarations.
db/migrations/023_make_resume_optional.ts(1,16): error TS2307: Cannot find module '../connection.ts' or its corresponding type declarations.
db/migrations/024_add_plantilla_area_fields.ts(1,16): error TS2307: Cannot find module '../connection.js' or its corresponding type declarations.
db/migrations/025_create_pds_tables.ts(1,16): error TS2307: Cannot find module '../connection.js' or its corresponding type declarations.
db/migrations/025_upgrade_auth_to_pds_part1.ts(1,16): error TS2307: Cannot find module '../connection.js' or its corresponding type declarations.
db/migrations/026_create_pds_linked_tables.ts(1,16): error TS2307: Cannot find module '../connection.js' or its corresponding type declarations.
db/migrations/029_harmonize_pds_fields.ts(1,16): error TS2307: Cannot find module '../connection.js' or its corresponding type declarations.
db/migrations/030_pop_compliance_upgrade.ts(1,16): error TS2307: Cannot find module '../connection.js' or its corresponding type declarations.
index.ts(79,10): error TS6133: 'req' is declared but its value is never read.
index.ts(93,35): error TS6133: 'req' is declared but its value is never read.
index.ts(108,22): error TS6133: 'req' is declared but its value is never read.
index.ts(154,15): error TS6133: 'req' is declared but its value is never read.
middleware/errorMiddleware.ts(5,69): error TS6133: 'next' is declared but its value is never read.
routes/budgetAllocationRoutes.ts(2,10): error TS6133: 'verifyToken' is declared but its value is never read.
routes/chatRoutes.ts(9,23): error TS6133: 'verifyToken' is declared but its value is never read.
routes/leaveRoutes.ts(17,3): error TS6133: 'allocateDefaultCredits' is declared but its value is never read.
scripts/reprocess_dtr.ts(2,1): error TS6192: All imports in import declaration are unused.
scripts/reprocess_dtr.ts(3,15): error TS6133: 'eq' is declared but its value is never read.
scripts/seed_plantilla.ts(8,5): error TS6133: 'plantillaPositionHistory' is declared but its value is never read.
scripts/seed_plantilla.ts(9,5): error TS6133: 'plantillaAuditLog' is declared but its value is never read.
services/attendanceProcessor.ts(67,11): error TS6133: 'dailyTargetHours' is declared but its value is never read.
services/pollingService.ts(2,1): error TS6133: 'attendanceLogs' is declared but its value is never read.
services/violationService.ts(3,38): error TS6133: 'like' is declared but its value is never read.
services/violationService.ts(5,1): error TS6133: 'MySqlTransaction' is declared but its value is never read.
services/violationService.ts(103,11): error TS6133: 'pastSummaries' is declared but its value is never read.
